[INFO] Scanning for projects...
[INFO] 
[INFO] ------------------< com.fincore:user-management-api >-------------------
[INFO] Building user-management-api 1.0.0
[INFO]   from pom.xml
[INFO] --------------------------------[ jar ]---------------------------------
[INFO] 
[INFO] --- clean:3.3.2:clean (default-clean) @ user-management-api ---
[INFO] Deleting C:\Development\git\userManagementApi\target
[INFO] 
[INFO] --- jacoco:0.8.11:prepare-agent (default) @ user-management-api ---
[INFO] argLine set to -javaagent:C:\\Users\\shera\\.m2\\repository\\org\\jacoco\\org.jacoco.agent\\0.8.11\\org.jacoco.agent-0.8.11-runtime.jar=destfile=C:\\Development\\git\\userManagementApi\\target\\jacoco.exec
[INFO] 
[INFO] --- resources:3.3.1:resources (default-resources) @ user-management-api ---
[INFO] Copying 5 resources from src\main\resources to target\classes
[INFO] Copying 3 resources from src\main\resources to target\classes
[INFO] 
[INFO] --- compiler:3.13.0:compile (default-compile) @ user-management-api ---
[INFO] Recompiling the module because of changed source code.
[INFO] Compiling 96 source files with javac [debug parameters release 17] to target\classes
